// Jest Snapshot v1, https://goo.gl/fbAQLP

exports[`<checkbox> demo: render [all] correctly 1`] = `
"<div class=\\"arco-space arco-space-vertical\\">
  <div class=\\"arco-space-item\\" style=\\"margin-bottom: 8px;\\"><label class=\\"arco-checkbox\\"><input type=\\"checkbox\\" class=\\"arco-checkbox-target\\"><span class=\\"arco-icon-hover arco-checkbox-icon-hover\\"><div class=\\"arco-checkbox-icon\\"><!--v-if--></div></span><span class=\\"arco-checkbox-label\\">Check All </span></label></div>
  <div class=\\"arco-space-item\\"><span class=\\"arco-checkbox-group arco-checkbox-group-direction-horizontal\\"><label class=\\"arco-checkbox\\"><input type=\\"checkbox\\" class=\\"arco-checkbox-target\\" value=\\"1\\"><span class=\\"arco-icon-hover arco-checkbox-icon-hover\\"><div class=\\"arco-checkbox-icon\\"><!--v-if--></div></span><span class=\\"arco-checkbox-label\\">Option 1</span></label><label class=\\"arco-checkbox\\"><input type=\\"checkbox\\" class=\\"arco-checkbox-target\\" value=\\"2\\"><span class=\\"arco-icon-hover arco-checkbox-icon-hover\\"><div class=\\"arco-checkbox-icon\\"><!--v-if--></div></span><span class=\\"arco-checkbox-label\\">Option 2</span></label><label class=\\"arco-checkbox\\"><input type=\\"checkbox\\" class=\\"arco-checkbox-target\\" value=\\"3\\"><span class=\\"arco-icon-hover arco-checkbox-icon-hover\\"><div class=\\"arco-checkbox-icon\\"><!--v-if--></div></span><span class=\\"arco-checkbox-label\\">Option 3</span></label></span></div>
</div>"
`;

exports[`<checkbox> demo: render [basic] correctly 1`] = `"<label class=\\"arco-checkbox\\"><input type=\\"checkbox\\" class=\\"arco-checkbox-target\\" value=\\"1\\"><span class=\\"arco-icon-hover arco-checkbox-icon-hover\\"><div class=\\"arco-checkbox-icon\\"><!--v-if--></div></span><span class=\\"arco-checkbox-label\\">Option 1</span></label>"`;

exports[`<checkbox> demo: render [custom] correctly 1`] = `
"<span class=\\"arco-checkbox-group arco-checkbox-group-direction-horizontal\\"><label class=\\"arco-checkbox\\"><input type=\\"checkbox\\" class=\\"arco-checkbox-target\\" value=\\"1\\"><span class=\\"arco-tag arco-tag-size-medium arco-tag-checkable\\"><!--v-if-->This is a tag checkbox 1<!--v-if--><!--v-if--></span>
<!--v-if--></label><label class=\\"arco-checkbox\\"><input type=\\"checkbox\\" class=\\"arco-checkbox-target\\" value=\\"2\\"><span class=\\"arco-tag arco-tag-size-medium arco-tag-checkable\\"><!--v-if-->This is a tag checkbox 2<!--v-if--><!--v-if--></span>
  <!--v-if-->
</label><label class=\\"arco-checkbox\\"><input type=\\"checkbox\\" class=\\"arco-checkbox-target\\" value=\\"3\\"><span class=\\"arco-tag arco-tag-size-medium arco-tag-checkable\\"><!--v-if-->This is a tag checkbox 3<!--v-if--><!--v-if--></span>
  <!--v-if-->
</label></span>"
`;

exports[`<checkbox> demo: render [disabled] correctly 1`] = `"<label class=\\"arco-checkbox arco-checkbox-disabled\\"><input type=\\"checkbox\\" class=\\"arco-checkbox-target\\" disabled=\\"\\" value=\\"1\\"><span class=\\"arco-icon-hover arco-icon-hover-disabled arco-checkbox-icon-hover\\"><div class=\\"arco-checkbox-icon\\"><!--v-if--></div></span><span class=\\"arco-checkbox-label\\">Disabled Option 1</span></label>"`;

exports[`<checkbox> demo: render [group] correctly 1`] = `
"<div class=\\"arco-space arco-space-vertical\\">
  <div class=\\"arco-space-item\\" style=\\"margin-bottom: 24px;\\"><span class=\\"arco-checkbox-group arco-checkbox-group-direction-horizontal\\"><label class=\\"arco-checkbox\\"><input type=\\"checkbox\\" class=\\"arco-checkbox-target\\" value=\\"1\\"><span class=\\"arco-icon-hover arco-checkbox-icon-hover\\"><div class=\\"arco-checkbox-icon\\"><!--v-if--></div></span><span class=\\"arco-checkbox-label\\">Option 1</span></label><label class=\\"arco-checkbox\\"><input type=\\"checkbox\\" class=\\"arco-checkbox-target\\" value=\\"2\\"><span class=\\"arco-icon-hover arco-checkbox-icon-hover\\"><div class=\\"arco-checkbox-icon\\"><!--v-if--></div></span><span class=\\"arco-checkbox-label\\">Option 2</span></label><label class=\\"arco-checkbox\\"><input type=\\"checkbox\\" class=\\"arco-checkbox-target\\" value=\\"3\\"><span class=\\"arco-icon-hover arco-checkbox-icon-hover\\"><div class=\\"arco-checkbox-icon\\"><!--v-if--></div></span><span class=\\"arco-checkbox-label\\">Option 3</span></label></span></div>
  <div class=\\"arco-space-item\\"><span class=\\"arco-checkbox-group arco-checkbox-group-direction-vertical\\"><label class=\\"arco-checkbox\\"><input type=\\"checkbox\\" class=\\"arco-checkbox-target\\" value=\\"1\\"><span class=\\"arco-icon-hover arco-checkbox-icon-hover\\"><div class=\\"arco-checkbox-icon\\"><!--v-if--></div></span><span class=\\"arco-checkbox-label\\">Option 1</span></label><label class=\\"arco-checkbox\\"><input type=\\"checkbox\\" class=\\"arco-checkbox-target\\" value=\\"2\\"><span class=\\"arco-icon-hover arco-checkbox-icon-hover\\"><div class=\\"arco-checkbox-icon\\"><!--v-if--></div></span><span class=\\"arco-checkbox-label\\">Option 2</span></label><label class=\\"arco-checkbox\\"><input type=\\"checkbox\\" class=\\"arco-checkbox-target\\" value=\\"3\\"><span class=\\"arco-icon-hover arco-checkbox-icon-hover\\"><div class=\\"arco-checkbox-icon\\"><!--v-if--></div></span><span class=\\"arco-checkbox-label\\">Option 3</span></label></span></div>
</div>"
`;
